exports[`test HotStreak snapshot test 1`] = `
<div
  className="outer">
  <div
    className="buy">
    <a
      href="javascript:;">
      BUY
    </a>
  </div>
  <div
    className="inner">
    <a
      href="livingroom.html"
      target="_blank">
      <h2 />
      <h3>
         predictions!
      </h3>
      <h3>
         days
      </h3>
      <h3 />
    </a>
  </div>
  <div
    className="sell">
    <a
      href="javascript:;">
      SELL
    </a>
  </div>
</div>
`;
